[debug] [2021-10-23T02:43:07.397Z] ----------------------------------------------------------------------
[debug] [2021-10-23T02:43:07.401Z] Command:       C:\Program Files\nodejs\node.exe C:\Users\Acer\AppData\Roaming\npm\node_modules\firebase-tools\lib\bin\firebase.js init
[debug] [2021-10-23T02:43:07.402Z] CLI Version:   9.21.0
[debug] [2021-10-23T02:43:07.402Z] Platform:      win32
[debug] [2021-10-23T02:43:07.402Z] Node Version:  v14.17.6
[debug] [2021-10-23T02:43:07.405Z] Time:          Fri Oct 22 2021 23:43:07 GMT-0300 (Horário Padrão de Brasília)
[debug] [2021-10-23T02:43:07.406Z] ----------------------------------------------------------------------
[debug] 
[debug] [2021-10-23T02:43:07.411Z] >>> [apiv2][query] GET https://firebase-public.firebaseio.com/cli.json [none]
[debug] [2021-10-23T02:43:07.586Z] > command requires scopes: ["email","openid","https://www.googleapis.com/auth/cloudplatformprojects.readonly","https://www.googleapis.com/auth/firebase","https://www.googleapis.com/auth/cloud-platform"]
[debug] [2021-10-23T02:43:07.587Z] > authorizing via signed-in user (vinicius.silva050621@gmail.com)
[info] 
     ######## #### ########  ######## ########     ###     ######  ########
     ##        ##  ##     ## ##       ##     ##  ##   ##  ##       ##
     ######    ##  ########  ######   ########  #########  ######  ######
     ##        ##  ##    ##  ##       ##     ## ##     ##       ## ##
     ##       #### ##     ## ######## ########  ##     ##  ######  ########

You're about to initialize a Firebase project in this directory:

  C:\Users\Acer\Desktop\Nova pasta\foodmemes

Before we get started, keep in mind:

  * You are initializing within an existing Firebase project directory

[debug] [2021-10-23T02:43:08.406Z] <<< [apiv2][status] GET https://firebase-public.firebaseio.com/cli.json 200
[debug] [2021-10-23T02:43:08.407Z] <<< [apiv2][body] GET https://firebase-public.firebaseio.com/cli.json {"cloudBuildErrorAfter":1594252800000,"cloudBuildWarnAfter":1590019200000,"defaultNode10After":1594252800000,"minVersion":"3.0.5","node8DeploysDisabledAfter":1613390400000,"node8RuntimeDisabledAfter":1615809600000,"node8WarnAfter":1600128000000}
[info] 
=== Project Setup
[info] 
[info] First, let's associate this project directory with a Firebase project.
[info] You can create multiple project aliases by running firebase use --add, 
[info] but for now we'll just set up a default project.
[info] 
[info] i  .firebaserc already has a default project, using foodmemes-e702c. 
[debug] [2021-10-23T02:43:56.740Z] > refreshing access token with scopes: []
[debug] [2021-10-23T02:43:56.741Z] >>> HTTP REQUEST POST https://www.googleapis.com/oauth2/v3/token  
 <request body omitted>
[debug] [2021-10-23T02:43:57.173Z] <<< HTTP RESPONSE 200 {"cache-control":"no-cache, no-store, max-age=0, must-revalidate","date":"Sat, 23 Oct 2021 02:43:57 GMT","expires":"Mon, 01 Jan 1990 00:00:00 GMT","pragma":"no-cache","content-type":"application/json; charset=utf-8","vary":"X-Origin, Referer, Origin,Accept-Encoding","server":"scaffolding on HTTPServer2","x-xss-protection":"0","x-frame-options":"SAMEORIGIN","x-content-type-options":"nosniff","alt-svc":"h3=\":443\"; ma=2592000,h3-29=\":443\"; ma=2592000,h3-Q050=\":443\"; ma=2592000,h3-Q046=\":443\"; ma=2592000,h3-Q043=\":443\"; ma=2592000","accept-ranges":"none","transfer-encoding":"chunked"}
[debug] [2021-10-23T02:43:57.245Z] >>> [apiv2][query] GET https://firebase.googleapis.com/v1beta1/projects/foodmemes-e702c [none]
[debug] [2021-10-23T02:43:58.368Z] <<< [apiv2][status] GET https://firebase.googleapis.com/v1beta1/projects/foodmemes-e702c 200
[debug] [2021-10-23T02:43:58.368Z] <<< [apiv2][body] GET https://firebase.googleapis.com/v1beta1/projects/foodmemes-e702c {"projectId":"foodmemes-e702c","projectNumber":"626036388327","displayName":"foodmemes","name":"projects/foodmemes-e702c","resources":{"hostingSite":"foodmemes-e702c","storageBucket":"foodmemes-e702c.appspot.com","locationId":"southamerica-east1"},"state":"ACTIVE"}
[info] 
=== Firestore Setup
[debug] [2021-10-23T02:43:58.372Z] > refreshing access token with scopes: ["email","https://www.googleapis.com/auth/cloud-platform","https://www.googleapis.com/auth/cloudplatformprojects.readonly","https://www.googleapis.com/auth/firebase","openid"]
[debug] [2021-10-23T02:43:58.372Z] >>> HTTP REQUEST POST https://www.googleapis.com/oauth2/v3/token  
 <request body omitted>
[debug] [2021-10-23T02:43:58.836Z] <<< HTTP RESPONSE 200 {"date":"Sat, 23 Oct 2021 02:43:59 GMT","expires":"Mon, 01 Jan 1990 00:00:00 GMT","cache-control":"no-cache, no-store, max-age=0, must-revalidate","pragma":"no-cache","content-type":"application/json; charset=utf-8","vary":"X-Origin, Referer, Origin,Accept-Encoding","server":"scaffolding on HTTPServer2","x-xss-protection":"0","x-frame-options":"SAMEORIGIN","x-content-type-options":"nosniff","alt-svc":"h3=\":443\"; ma=2592000,h3-29=\":443\"; ma=2592000,h3-Q050=\":443\"; ma=2592000,h3-Q046=\":443\"; ma=2592000,h3-Q043=\":443\"; ma=2592000","accept-ranges":"none","transfer-encoding":"chunked"}
[debug] [2021-10-23T02:43:58.908Z] >>> HTTP REQUEST GET https://serviceusage.googleapis.com/v1/projects/foodmemes-e702c/services/firestore.googleapis.com  
 
[debug] [2021-10-23T02:44:00.331Z] <<< HTTP RESPONSE 200 {"content-type":"application/json; charset=UTF-8","vary":"X-Origin, Referer, Origin,Accept-Encoding","date":"Sat, 23 Oct 2021 02:44:00 GMT","server":"ESF","cache-control":"private","x-xss-protection":"0","x-frame-options":"SAMEORIGIN","x-content-type-options":"nosniff","alt-svc":"h3=\":443\"; ma=2592000,h3-29=\":443\"; ma=2592000,h3-Q050=\":443\"; ma=2592000,h3-Q046=\":443\"; ma=2592000,h3-Q043=\":443\"; ma=2592000","accept-ranges":"none","transfer-encoding":"chunked"}
[debug] [2021-10-23T02:44:00.333Z] >>> HTTP REQUEST GET https://appengine.googleapis.com/v1/apps/foodmemes-e702c  
 
[debug] [2021-10-23T02:44:01.173Z] <<< HTTP RESPONSE 200 {"content-type":"application/json; charset=UTF-8","vary":"X-Origin, Referer, Origin,Accept-Encoding","date":"Sat, 23 Oct 2021 02:44:01 GMT","server":"ESF","cache-control":"private","x-xss-protection":"0","x-frame-options":"SAMEORIGIN","x-content-type-options":"nosniff","alt-svc":"h3=\":443\"; ma=2592000,h3-29=\":443\"; ma=2592000,h3-Q050=\":443\"; ma=2592000,h3-Q046=\":443\"; ma=2592000,h3-Q043=\":443\"; ma=2592000","accept-ranges":"none","transfer-encoding":"chunked"}
[debug] [2021-10-23T02:44:01.174Z] database_type: CLOUD_FIRESTORE
[debug] [2021-10-23T02:44:01.175Z] > command requires scopes: ["email","openid","https://www.googleapis.com/auth/cloudplatformprojects.readonly","https://www.googleapis.com/auth/firebase","https://www.googleapis.com/auth/cloud-platform"]
[debug] [2021-10-23T02:44:01.175Z] > authorizing via signed-in user (vinicius.silva050621@gmail.com)
[debug] [2021-10-23T02:44:01.176Z] [iam] checking project foodmemes-e702c for permissions ["firebase.projects.get"]
[debug] [2021-10-23T02:44:01.177Z] >>> HTTP REQUEST POST https://cloudresourcemanager.googleapis.com/v1/projects/foodmemes-e702c:testIamPermissions  
 {"permissions":["firebase.projects.get"]}
[debug] [2021-10-23T02:44:02.364Z] <<< HTTP RESPONSE 200 {"content-type":"application/json; charset=UTF-8","vary":"X-Origin, Referer, Origin,Accept-Encoding","date":"Sat, 23 Oct 2021 02:44:02 GMT","server":"ESF","cache-control":"private","x-xss-protection":"0","x-frame-options":"SAMEORIGIN","x-content-type-options":"nosniff","server-timing":"gfet4t7; dur=730","alt-svc":"h3=\":443\"; ma=2592000,h3-29=\":443\"; ma=2592000,h3-Q050=\":443\"; ma=2592000,h3-Q046=\":443\"; ma=2592000,h3-Q043=\":443\"; ma=2592000","accept-ranges":"none","transfer-encoding":"chunked"}
[info] 
[info] Firestore Security Rules allow you to define how and when to allow
[info] requests. You can keep these rules in your project directory
[info] and publish them with firebase deploy.
[info] 
